  Determining projects to restore...
  All projects are up-to-date for restore.
C:\Users\santiago campanera\OneDrive\Desktop\codigo\backend\Services\WebhookProcessorService.cs(98,21): error CS0117: 'Invoice' does not contain a definition for 'ExternalId' [C:\Users\santiago campanera\OneDrive\Desktop\codigo\backend\ElMediadorDeSofia.csproj]
C:\Users\santiago campanera\OneDrive\Desktop\codigo\backend\Services\WebhookProcessorService.cs(99,21): error CS0117: 'Invoice' does not contain a definition for 'Source' [C:\Users\santiago campanera\OneDrive\Desktop\codigo\backend\ElMediadorDeSofia.csproj]
C:\Users\santiago campanera\OneDrive\Desktop\codigo\backend\Services\WebhookProcessorService.cs(101,21): error CS0117: 'Invoice' does not contain a definition for 'Status' [C:\Users\santiago campanera\OneDrive\Desktop\codigo\backend\ElMediadorDeSofia.csproj]
C:\Users\santiago campanera\OneDrive\Desktop\codigo\backend\Services\WebhookProcessorService.cs(103,21): error CS0117: 'Invoice' does not contain a definition for 'UpdatedAt' [C:\Users\santiago campanera\OneDrive\Desktop\codigo\backend\ElMediadorDeSofia.csproj]
C:\Users\santiago campanera\OneDrive\Desktop\codigo\backend\Services\WebhookProcessorService.cs(133,21): error CS0117: 'Invoice' does not contain a definition for 'ExternalId' [C:\Users\santiago campanera\OneDrive\Desktop\codigo\backend\ElMediadorDeSofia.csproj]
C:\Users\santiago campanera\OneDrive\Desktop\codigo\backend\Services\WebhookProcessorService.cs(134,21): error CS0117: 'Invoice' does not contain a definition for 'Source' [C:\Users\santiago campanera\OneDrive\Desktop\codigo\backend\ElMediadorDeSofia.csproj]
C:\Users\santiago campanera\OneDrive\Desktop\codigo\backend\Services\WebhookProcessorService.cs(136,21): error CS0117: 'Invoice' does not contain a definition for 'Status' [C:\Users\santiago campanera\OneDrive\Desktop\codigo\backend\ElMediadorDeSofia.csproj]
C:\Users\santiago campanera\OneDrive\Desktop\codigo\backend\Services\WebhookProcessorService.cs(138,21): error CS0117: 'Invoice' does not contain a definition for 'UpdatedAt' [C:\Users\santiago campanera\OneDrive\Desktop\codigo\backend\ElMediadorDeSofia.csproj]
C:\Users\santiago campanera\OneDrive\Desktop\codigo\backend\Services\WebhookProcessorService.cs(162,82): error CS1061: 'Invoice' does not contain a definition for 'ExternalId' and no accessible extension method 'ExternalId' accepting a first argument of type 'Invoice' could be found (are you missing a using directive or an assembly reference?) [C:\Users\santiago campanera\OneDrive\Desktop\codigo\backend\ElMediadorDeSofia.csproj]
C:\Users\santiago campanera\OneDrive\Desktop\codigo\backend\Services\WebhookProcessorService.cs(162,111): error CS1061: 'Invoice' does not contain a definition for 'Source' and no accessible extension method 'Source' accepting a first argument of type 'Invoice' could be found (are you missing a using directive or an assembly reference?) [C:\Users\santiago campanera\OneDrive\Desktop\codigo\backend\ElMediadorDeSofia.csproj]
C:\Users\santiago campanera\OneDrive\Desktop\codigo\backend\Controllers\WebhooksController.cs(53,21): error CS0117: 'EventRecord' does not contain a definition for 'Source' [C:\Users\santiago campanera\OneDrive\Desktop\codigo\backend\ElMediadorDeSofia.csproj]
C:\Users\santiago campanera\OneDrive\Desktop\codigo\backend\Controllers\WebhooksController.cs(54,28): error CS0029: Cannot implicitly convert type 'string' to 'System.Collections.Generic.Dictionary<string, object>' [C:\Users\santiago campanera\OneDrive\Desktop\codigo\backend\ElMediadorDeSofia.csproj]
C:\Users\santiago campanera\OneDrive\Desktop\codigo\backend\Controllers\WebhooksController.cs(58,37): error CS1061: 'EventService' does not contain a definition for 'LogEventAsync' and no accessible extension method 'LogEventAsync' accepting a first argument of type 'EventService' could be found (are you missing a using directive or an assembly reference?) [C:\Users\santiago campanera\OneDrive\Desktop\codigo\backend\ElMediadorDeSofia.csproj]
C:\Users\santiago campanera\OneDrive\Desktop\codigo\backend\Services\WebhookProcessorService.cs(187,82): error CS1061: 'Invoice' does not contain a definition for 'ExternalId' and no accessible extension method 'ExternalId' accepting a first argument of type 'Invoice' could be found (are you missing a using directive or an assembly reference?) [C:\Users\santiago campanera\OneDrive\Desktop\codigo\backend\ElMediadorDeSofia.csproj]
C:\Users\santiago campanera\OneDrive\Desktop\codigo\backend\Services\WebhookProcessorService.cs(187,111): error CS1061: 'Invoice' does not contain a definition for 'Source' and no accessible extension method 'Source' accepting a first argument of type 'Invoice' could be found (are you missing a using directive or an assembly reference?) [C:\Users\santiago campanera\OneDrive\Desktop\codigo\backend\ElMediadorDeSofia.csproj]
C:\Users\santiago campanera\OneDrive\Desktop\codigo\backend\Services\Sofia\SofiaParalinephaAgent.cs(190,23): warning CS8618: Non-nullable property 'Status' must contain a non-null value when exiting constructor. Consider adding the 'required' modifier or declaring the property as nullable. [C:\Users\santiago campanera\OneDrive\Desktop\codigo\backend\ElMediadorDeSofia.csproj]
C:\Users\santiago campanera\OneDrive\Desktop\codigo\backend\Services\WebhookProcessorService.cs(214,37): error CS1061: 'EventRecord' does not contain a definition for 'Source' and no accessible extension method 'Source' accepting a first argument of type 'EventRecord' could be found (are you missing a using directive or an assembly reference?) [C:\Users\santiago campanera\OneDrive\Desktop\codigo\backend\ElMediadorDeSofia.csproj]
C:\Users\santiago campanera\OneDrive\Desktop\codigo\backend\Services\WebhookProcessorService.cs(234,24): warning CS8603: Possible null reference return. [C:\Users\santiago campanera\OneDrive\Desktop\codigo\backend\ElMediadorDeSofia.csproj]
C:\Users\santiago campanera\OneDrive\Desktop\codigo\backend\Controllers\WebhooksController.cs(88,21): error CS0117: 'EventRecord' does not contain a definition for 'Source' [C:\Users\santiago campanera\OneDrive\Desktop\codigo\backend\ElMediadorDeSofia.csproj]
C:\Users\santiago campanera\OneDrive\Desktop\codigo\backend\Controllers\WebhooksController.cs(89,28): error CS0029: Cannot implicitly convert type 'string' to 'System.Collections.Generic.Dictionary<string, object>' [C:\Users\santiago campanera\OneDrive\Desktop\codigo\backend\ElMediadorDeSofia.csproj]
C:\Users\santiago campanera\OneDrive\Desktop\codigo\backend\Controllers\WebhooksController.cs(93,37): error CS1061: 'EventService' does not contain a definition for 'LogEventAsync' and no accessible extension method 'LogEventAsync' accepting a first argument of type 'EventService' could be found (are you missing a using directive or an assembly reference?) [C:\Users\santiago campanera\OneDrive\Desktop\codigo\backend\ElMediadorDeSofia.csproj]
C:\Users\santiago campanera\OneDrive\Desktop\codigo\backend\Controllers\WebhooksController.cs(125,21): error CS0117: 'EventRecord' does not contain a definition for 'Source' [C:\Users\santiago campanera\OneDrive\Desktop\codigo\backend\ElMediadorDeSofia.csproj]
C:\Users\santiago campanera\OneDrive\Desktop\codigo\backend\Controllers\WebhooksController.cs(126,28): error CS0029: Cannot implicitly convert type 'string' to 'System.Collections.Generic.Dictionary<string, object>' [C:\Users\santiago campanera\OneDrive\Desktop\codigo\backend\ElMediadorDeSofia.csproj]
C:\Users\santiago campanera\OneDrive\Desktop\codigo\backend\Controllers\WebhooksController.cs(130,37): error CS1061: 'EventService' does not contain a definition for 'LogEventAsync' and no accessible extension method 'LogEventAsync' accepting a first argument of type 'EventService' could be found (are you missing a using directive or an assembly reference?) [C:\Users\santiago campanera\OneDrive\Desktop\codigo\backend\ElMediadorDeSofia.csproj]
C:\Users\santiago campanera\OneDrive\Desktop\codigo\backend\Controllers\WebhooksController.cs(150,50): error CS1061: 'EventService' does not contain a definition for 'GetRecentEventsAsync' and no accessible extension method 'GetRecentEventsAsync' accepting a first argument of type 'EventService' could be found (are you missing a using directive or an assembly reference?) [C:\Users\santiago campanera\OneDrive\Desktop\codigo\backend\ElMediadorDeSofia.csproj]
C:\Users\santiago campanera\OneDrive\Desktop\codigo\backend\Controllers\SofiaController.cs(166,23): warning CS8618: Non-nullable property 'Category' must contain a non-null value when exiting constructor. Consider adding the 'required' modifier or declaring the property as nullable. [C:\Users\santiago campanera\OneDrive\Desktop\codigo\backend\ElMediadorDeSofia.csproj]
C:\Users\santiago campanera\OneDrive\Desktop\codigo\backend\Controllers\SofiaController.cs(167,23): warning CS8618: Non-nullable property 'Content' must contain a non-null value when exiting constructor. Consider adding the 'required' modifier or declaring the property as nullable. [C:\Users\santiago campanera\OneDrive\Desktop\codigo\backend\ElMediadorDeSofia.csproj]
C:\Users\santiago campanera\OneDrive\Desktop\codigo\backend\Services\Sofia\SofiaLinfaAgent.cs(197,23): warning CS8618: Non-nullable property 'JobName' must contain a non-null value when exiting constructor. Consider adding the 'required' modifier or declaring the property as nullable. [C:\Users\santiago campanera\OneDrive\Desktop\codigo\backend\ElMediadorDeSofia.csproj]
C:\Users\santiago campanera\OneDrive\Desktop\codigo\backend\Controllers\SofiaController.cs(176,23): warning CS8618: Non-nullable property 'JobName' must contain a non-null value when exiting constructor. Consider adding the 'required' modifier or declaring the property as nullable. [C:\Users\santiago campanera\OneDrive\Desktop\codigo\backend\ElMediadorDeSofia.csproj]
C:\Users\santiago campanera\OneDrive\Desktop\codigo\backend\Controllers\IntelligentDashboardController.cs(72,37): warning CS8600: Converting null literal or possible null value to non-nullable type. [C:\Users\santiago campanera\OneDrive\Desktop\codigo\backend\ElMediadorDeSofia.csproj]
C:\Users\santiago campanera\OneDrive\Desktop\codigo\backend\Controllers\IntelligentDashboardController.cs(94,38): warning CS8604: Possible null reference argument for parameter 'value' in 'void Dictionary<string, object>.Add(string key, object value)'. [C:\Users\santiago campanera\OneDrive\Desktop\codigo\backend\ElMediadorDeSofia.csproj]
C:\Users\santiago campanera\OneDrive\Desktop\codigo\backend\Services\Sofia\SofiaLinfaAgent.cs(189,23): warning CS8618: Non-nullable property 'Status' must contain a non-null value when exiting constructor. Consider adding the 'required' modifier or declaring the property as nullable. [C:\Users\santiago campanera\OneDrive\Desktop\codigo\backend\ElMediadorDeSofia.csproj]
C:\Users\santiago campanera\OneDrive\Desktop\codigo\backend\Controllers\ProductionController.cs(69,30): warning CS0168: The variable 'ex' is declared but never used [C:\Users\santiago campanera\OneDrive\Desktop\codigo\backend\ElMediadorDeSofia.csproj]
C:\Users\santiago campanera\OneDrive\Desktop\codigo\backend\Services\CoreAgents\SignalSources\OperationalClimateSignalSource.cs(53,50): warning CS8601: Possible null reference assignment. [C:\Users\santiago campanera\OneDrive\Desktop\codigo\backend\ElMediadorDeSofia.csproj]
C:\Users\santiago campanera\OneDrive\Desktop\codigo\backend\Services\SecurityAgents\SecurityGardenerTasks.cs(262,33): warning CS0414: The field 'SecurityProtocolSyncTask._protocolsPath' is assigned but its value is never used [C:\Users\santiago campanera\OneDrive\Desktop\codigo\backend\ElMediadorDeSofia.csproj]
C:\Users\santiago campanera\OneDrive\Desktop\codigo\backend\Controllers\OrdersController.cs(207,13): warning ASP0019: Use IHeaderDictionary.Append or the indexer to append or set headers. IDictionary.Add will throw an ArgumentException when attempting to add a duplicate key. (https://aka.ms/aspnet/analyzers) [C:\Users\santiago campanera\OneDrive\Desktop\codigo\backend\ElMediadorDeSofia.csproj]
C:\Users\santiago campanera\OneDrive\Desktop\codigo\backend\Controllers\OrdersController.cs(208,13): warning ASP0019: Use IHeaderDictionary.Append or the indexer to append or set headers. IDictionary.Add will throw an ArgumentException when attempting to add a duplicate key. (https://aka.ms/aspnet/analyzers) [C:\Users\santiago campanera\OneDrive\Desktop\codigo\backend\ElMediadorDeSofia.csproj]
C:\Users\santiago campanera\OneDrive\Desktop\codigo\backend\Controllers\OrdersController.cs(209,13): warning ASP0019: Use IHeaderDictionary.Append or the indexer to append or set headers. IDictionary.Add will throw an ArgumentException when attempting to add a duplicate key. (https://aka.ms/aspnet/analyzers) [C:\Users\santiago campanera\OneDrive\Desktop\codigo\backend\ElMediadorDeSofia.csproj]

Build FAILED.

C:\Users\santiago campanera\OneDrive\Desktop\codigo\backend\Services\Sofia\SofiaParalinephaAgent.cs(190,23): warning CS8618: Non-nullable property 'Status' must contain a non-null value when exiting constructor. Consider adding the 'required' modifier or declaring the property as nullable. [C:\Users\santiago campanera\OneDrive\Desktop\codigo\backend\ElMediadorDeSofia.csproj]
C:\Users\santiago campanera\OneDrive\Desktop\codigo\backend\Services\WebhookProcessorService.cs(234,24): warning CS8603: Possible null reference return. [C:\Users\santiago campanera\OneDrive\Desktop\codigo\backend\ElMediadorDeSofia.csproj]
C:\Users\santiago campanera\OneDrive\Desktop\codigo\backend\Controllers\SofiaController.cs(166,23): warning CS8618: Non-nullable property 'Category' must contain a non-null value when exiting constructor. Consider adding the 'required' modifier or declaring the property as nullable. [C:\Users\santiago campanera\OneDrive\Desktop\codigo\backend\ElMediadorDeSofia.csproj]
C:\Users\santiago campanera\OneDrive\Desktop\codigo\backend\Controllers\SofiaController.cs(167,23): warning CS8618: Non-nullable property 'Content' must contain a non-null value when exiting constructor. Consider adding the 'required' modifier or declaring the property as nullable. [C:\Users\santiago campanera\OneDrive\Desktop\codigo\backend\ElMediadorDeSofia.csproj]
C:\Users\santiago campanera\OneDrive\Desktop\codigo\backend\Services\Sofia\SofiaLinfaAgent.cs(197,23): warning CS8618: Non-nullable property 'JobName' must contain a non-null value when exiting constructor. Consider adding the 'required' modifier or declaring the property as nullable. [C:\Users\santiago campanera\OneDrive\Desktop\codigo\backend\ElMediadorDeSofia.csproj]
C:\Users\santiago campanera\OneDrive\Desktop\codigo\backend\Controllers\SofiaController.cs(176,23): warning CS8618: Non-nullable property 'JobName' must contain a non-null value when exiting constructor. Consider adding the 'required' modifier or declaring the property as nullable. [C:\Users\santiago campanera\OneDrive\Desktop\codigo\backend\ElMediadorDeSofia.csproj]
C:\Users\santiago campanera\OneDrive\Desktop\codigo\backend\Controllers\IntelligentDashboardController.cs(72,37): warning CS8600: Converting null literal or possible null value to non-nullable type. [C:\Users\santiago campanera\OneDrive\Desktop\codigo\backend\ElMediadorDeSofia.csproj]
C:\Users\santiago campanera\OneDrive\Desktop\codigo\backend\Controllers\IntelligentDashboardController.cs(94,38): warning CS8604: Possible null reference argument for parameter 'value' in 'void Dictionary<string, object>.Add(string key, object value)'. [C:\Users\santiago campanera\OneDrive\Desktop\codigo\backend\ElMediadorDeSofia.csproj]
C:\Users\santiago campanera\OneDrive\Desktop\codigo\backend\Services\Sofia\SofiaLinfaAgent.cs(189,23): warning CS8618: Non-nullable property 'Status' must contain a non-null value when exiting constructor. Consider adding the 'required' modifier or declaring the property as nullable. [C:\Users\santiago campanera\OneDrive\Desktop\codigo\backend\ElMediadorDeSofia.csproj]
C:\Users\santiago campanera\OneDrive\Desktop\codigo\backend\Controllers\ProductionController.cs(69,30): warning CS0168: The variable 'ex' is declared but never used [C:\Users\santiago campanera\OneDrive\Desktop\codigo\backend\ElMediadorDeSofia.csproj]
C:\Users\santiago campanera\OneDrive\Desktop\codigo\backend\Services\CoreAgents\SignalSources\OperationalClimateSignalSource.cs(53,50): warning CS8601: Possible null reference assignment. [C:\Users\santiago campanera\OneDrive\Desktop\codigo\backend\ElMediadorDeSofia.csproj]
C:\Users\santiago campanera\OneDrive\Desktop\codigo\backend\Services\SecurityAgents\SecurityGardenerTasks.cs(262,33): warning CS0414: The field 'SecurityProtocolSyncTask._protocolsPath' is assigned but its value is never used [C:\Users\santiago campanera\OneDrive\Desktop\codigo\backend\ElMediadorDeSofia.csproj]
C:\Users\santiago campanera\OneDrive\Desktop\codigo\backend\Controllers\OrdersController.cs(207,13): warning ASP0019: Use IHeaderDictionary.Append or the indexer to append or set headers. IDictionary.Add will throw an ArgumentException when attempting to add a duplicate key. (https://aka.ms/aspnet/analyzers) [C:\Users\santiago campanera\OneDrive\Desktop\codigo\backend\ElMediadorDeSofia.csproj]
C:\Users\santiago campanera\OneDrive\Desktop\codigo\backend\Controllers\OrdersController.cs(208,13): warning ASP0019: Use IHeaderDictionary.Append or the indexer to append or set headers. IDictionary.Add will throw an ArgumentException when attempting to add a duplicate key. (https://aka.ms/aspnet/analyzers) [C:\Users\santiago campanera\OneDrive\Desktop\codigo\backend\ElMediadorDeSofia.csproj]
C:\Users\santiago campanera\OneDrive\Desktop\codigo\backend\Controllers\OrdersController.cs(209,13): warning ASP0019: Use IHeaderDictionary.Append or the indexer to append or set headers. IDictionary.Add will throw an ArgumentException when attempting to add a duplicate key. (https://aka.ms/aspnet/analyzers) [C:\Users\santiago campanera\OneDrive\Desktop\codigo\backend\ElMediadorDeSofia.csproj]
C:\Users\santiago campanera\OneDrive\Desktop\codigo\backend\Services\WebhookProcessorService.cs(98,21): error CS0117: 'Invoice' does not contain a definition for 'ExternalId' [C:\Users\santiago campanera\OneDrive\Desktop\codigo\backend\ElMediadorDeSofia.csproj]
C:\Users\santiago campanera\OneDrive\Desktop\codigo\backend\Services\WebhookProcessorService.cs(99,21): error CS0117: 'Invoice' does not contain a definition for 'Source' [C:\Users\santiago campanera\OneDrive\Desktop\codigo\backend\ElMediadorDeSofia.csproj]
C:\Users\santiago campanera\OneDrive\Desktop\codigo\backend\Services\WebhookProcessorService.cs(101,21): error CS0117: 'Invoice' does not contain a definition for 'Status' [C:\Users\santiago campanera\OneDrive\Desktop\codigo\backend\ElMediadorDeSofia.csproj]
C:\Users\santiago campanera\OneDrive\Desktop\codigo\backend\Services\WebhookProcessorService.cs(103,21): error CS0117: 'Invoice' does not contain a definition for 'UpdatedAt' [C:\Users\santiago campanera\OneDrive\Desktop\codigo\backend\ElMediadorDeSofia.csproj]
C:\Users\santiago campanera\OneDrive\Desktop\codigo\backend\Services\WebhookProcessorService.cs(133,21): error CS0117: 'Invoice' does not contain a definition for 'ExternalId' [C:\Users\santiago campanera\OneDrive\Desktop\codigo\backend\ElMediadorDeSofia.csproj]
C:\Users\santiago campanera\OneDrive\Desktop\codigo\backend\Services\WebhookProcessorService.cs(134,21): error CS0117: 'Invoice' does not contain a definition for 'Source' [C:\Users\santiago campanera\OneDrive\Desktop\codigo\backend\ElMediadorDeSofia.csproj]
C:\Users\santiago campanera\OneDrive\Desktop\codigo\backend\Services\WebhookProcessorService.cs(136,21): error CS0117: 'Invoice' does not contain a definition for 'Status' [C:\Users\santiago campanera\OneDrive\Desktop\codigo\backend\ElMediadorDeSofia.csproj]
C:\Users\santiago campanera\OneDrive\Desktop\codigo\backend\Services\WebhookProcessorService.cs(138,21): error CS0117: 'Invoice' does not contain a definition for 'UpdatedAt' [C:\Users\santiago campanera\OneDrive\Desktop\codigo\backend\ElMediadorDeSofia.csproj]
C:\Users\santiago campanera\OneDrive\Desktop\codigo\backend\Services\WebhookProcessorService.cs(162,82): error CS1061: 'Invoice' does not contain a definition for 'ExternalId' and no accessible extension method 'ExternalId' accepting a first argument of type 'Invoice' could be found (are you missing a using directive or an assembly reference?) [C:\Users\santiago campanera\OneDrive\Desktop\codigo\backend\ElMediadorDeSofia.csproj]
C:\Users\santiago campanera\OneDrive\Desktop\codigo\backend\Services\WebhookProcessorService.cs(162,111): error CS1061: 'Invoice' does not contain a definition for 'Source' and no accessible extension method 'Source' accepting a first argument of type 'Invoice' could be found (are you missing a using directive or an assembly reference?) [C:\Users\santiago campanera\OneDrive\Desktop\codigo\backend\ElMediadorDeSofia.csproj]
C:\Users\santiago campanera\OneDrive\Desktop\codigo\backend\Controllers\WebhooksController.cs(53,21): error CS0117: 'EventRecord' does not contain a definition for 'Source' [C:\Users\santiago campanera\OneDrive\Desktop\codigo\backend\ElMediadorDeSofia.csproj]
C:\Users\santiago campanera\OneDrive\Desktop\codigo\backend\Controllers\WebhooksController.cs(54,28): error CS0029: Cannot implicitly convert type 'string' to 'System.Collections.Generic.Dictionary<string, object>' [C:\Users\santiago campanera\OneDrive\Desktop\codigo\backend\ElMediadorDeSofia.csproj]
C:\Users\santiago campanera\OneDrive\Desktop\codigo\backend\Controllers\WebhooksController.cs(58,37): error CS1061: 'EventService' does not contain a definition for 'LogEventAsync' and no accessible extension method 'LogEventAsync' accepting a first argument of type 'EventService' could be found (are you missing a using directive or an assembly reference?) [C:\Users\santiago campanera\OneDrive\Desktop\codigo\backend\ElMediadorDeSofia.csproj]
C:\Users\santiago campanera\OneDrive\Desktop\codigo\backend\Services\WebhookProcessorService.cs(187,82): error CS1061: 'Invoice' does not contain a definition for 'ExternalId' and no accessible extension method 'ExternalId' accepting a first argument of type 'Invoice' could be found (are you missing a using directive or an assembly reference?) [C:\Users\santiago campanera\OneDrive\Desktop\codigo\backend\ElMediadorDeSofia.csproj]
C:\Users\santiago campanera\OneDrive\Desktop\codigo\backend\Services\WebhookProcessorService.cs(187,111): error CS1061: 'Invoice' does not contain a definition for 'Source' and no accessible extension method 'Source' accepting a first argument of type 'Invoice' could be found (are you missing a using directive or an assembly reference?) [C:\Users\santiago campanera\OneDrive\Desktop\codigo\backend\ElMediadorDeSofia.csproj]
C:\Users\santiago campanera\OneDrive\Desktop\codigo\backend\Services\WebhookProcessorService.cs(214,37): error CS1061: 'EventRecord' does not contain a definition for 'Source' and no accessible extension method 'Source' accepting a first argument of type 'EventRecord' could be found (are you missing a using directive or an assembly reference?) [C:\Users\santiago campanera\OneDrive\Desktop\codigo\backend\ElMediadorDeSofia.csproj]
C:\Users\santiago campanera\OneDrive\Desktop\codigo\backend\Controllers\WebhooksController.cs(88,21): error CS0117: 'EventRecord' does not contain a definition for 'Source' [C:\Users\santiago campanera\OneDrive\Desktop\codigo\backend\ElMediadorDeSofia.csproj]
C:\Users\santiago campanera\OneDrive\Desktop\codigo\backend\Controllers\WebhooksController.cs(89,28): error CS0029: Cannot implicitly convert type 'string' to 'System.Collections.Generic.Dictionary<string, object>' [C:\Users\santiago campanera\OneDrive\Desktop\codigo\backend\ElMediadorDeSofia.csproj]
C:\Users\santiago campanera\OneDrive\Desktop\codigo\backend\Controllers\WebhooksController.cs(93,37): error CS1061: 'EventService' does not contain a definition for 'LogEventAsync' and no accessible extension method 'LogEventAsync' accepting a first argument of type 'EventService' could be found (are you missing a using directive or an assembly reference?) [C:\Users\santiago campanera\OneDrive\Desktop\codigo\backend\ElMediadorDeSofia.csproj]
C:\Users\santiago campanera\OneDrive\Desktop\codigo\backend\Controllers\WebhooksController.cs(125,21): error CS0117: 'EventRecord' does not contain a definition for 'Source' [C:\Users\santiago campanera\OneDrive\Desktop\codigo\backend\ElMediadorDeSofia.csproj]
C:\Users\santiago campanera\OneDrive\Desktop\codigo\backend\Controllers\WebhooksController.cs(126,28): error CS0029: Cannot implicitly convert type 'string' to 'System.Collections.Generic.Dictionary<string, object>' [C:\Users\santiago campanera\OneDrive\Desktop\codigo\backend\ElMediadorDeSofia.csproj]
C:\Users\santiago campanera\OneDrive\Desktop\codigo\backend\Controllers\WebhooksController.cs(130,37): error CS1061: 'EventService' does not contain a definition for 'LogEventAsync' and no accessible extension method 'LogEventAsync' accepting a first argument of type 'EventService' could be found (are you missing a using directive or an assembly reference?) [C:\Users\santiago campanera\OneDrive\Desktop\codigo\backend\ElMediadorDeSofia.csproj]
C:\Users\santiago campanera\OneDrive\Desktop\codigo\backend\Controllers\WebhooksController.cs(150,50): error CS1061: 'EventService' does not contain a definition for 'GetRecentEventsAsync' and no accessible extension method 'GetRecentEventsAsync' accepting a first argument of type 'EventService' could be found (are you missing a using directive or an assembly reference?) [C:\Users\santiago campanera\OneDrive\Desktop\codigo\backend\ElMediadorDeSofia.csproj]
    15 Warning(s)
    23 Error(s)

Time Elapsed 00:00:01.82
